<html>
<body>
<pre>
<h1>µVision Build Log</h1>
<h2>Project:</h2>
D:\TAshif\OS_Project\Door Security System.uvproj
Project File Date:  11/19/2019

<h2>Output:</h2>
Build target 'Target 1'
linking...
Program Size: Code=4736 RO-data=140 RW-data=64 ZI-data=2952  
FromELF: creating hex file...
".\flash_this.axf" - 0 Error(s), 0 Warning(s).
...
Program Size: Code=4736 RO-data=140 RW-data=64 ZI-data=2952  
FromELF: creating hex file...
".\flash_this.axf" - 0 Error(s), 1 Warning(s).
is.axf: Error: L6218E: Undefined symbol lock (referred from lcd_message.o).
.\flash_this.axf: Error: L6218E: Undefined symbol unlock (referred from lcd_message.o).
Not enough information to list image symbols.
Finished: 1 information, 0 warning and 2 error messages.
".\flash_this.axf" - 2 Error(s), 2 Warning(s).
Target not created
om lcd_message.o).
.\flash_this.axf: Error: L6218E: Undefined symbol os_dly_wait (referred from lcd_message.o).
.\flash_this.axf: Error: L6218E: Undefined symbol os_mbx_init (referred from lcd_message.o).
.\flash_this.axf: Error: L6218E: Undefined symbol os_mbx_send (referred from lcd_message.o).
.\flash_this.axf: Error: L6218E: Undefined symbol os_mbx_wait (referred from lcd_message.o).
.\flash_this.axf: Error: L6218E: Undefined symbol os_sys_init0 (referred from lcd_message.o).
.\flash_this.axf: Error: L6218E: Undefined symbol os_tsk_create0 (referred from lcd_message.o).
.\flash_this.axf: Error: L6218E: Undefined symbol unlock (referred from lcd_message.o).
Not enough information to list image symbols.
Finished: 1 information, 0 warning and 11 error messages.
".\flash_this.axf" - 11 Error(s), 2 Warning(s).
Target not created
bx_wait (referred from lcd_message.o).
.\Door Security System.axf: Error: L6218E: Undefined symbol os_sys_init0 (referred from lcd_message.o).
.\Door Security System.axf: Error: L6218E: Undefined symbol os_tsk_create0 (referred from lcd_message.o).
.\Door Security System.axf: Error: L6218E: Undefined symbol unlock (referred from lcd_message.o).
Not enough information to list image symbols.
Finished: 1 information, 0 warning and 11 error messages.
".\Door Security System.axf" - 11 Error(s), 6 Warning(s).
Target not created
