ARM Linker, 5.03 [Build 76] [MDK-ARM Lite]

==============================================================================

Section Cross References

    rtx_config.o(.text) refers to rtx_config.o(.text) for os_def_interrupt
    rtx_config.o(.text) refers to hal_arm.o(.emb_text) for os_clock_interrupt
    startup.o(RESET) refers to hal_arm.o(.emb_text) for SWI_Handler
    startup.o(RESET) refers to startup.o(STACK) for Stack_Top
    startup.o(RESET) refers to entry.o(.ARM.Collect$$$$00000000) for __main
    swi_table.o(SWI_TABLE) refers to hal_arm.o(i.__SWI_0) for __SWI_0
    swi_table.o(SWI_TABLE) refers to rt_membox.o(i.__SWI_1) for __SWI_1
    swi_table.o(SWI_TABLE) refers to rt_membox.o(i.__SWI_2) for __SWI_2
    swi_table.o(SWI_TABLE) refers to hal_arm.o(i.__SWI_3) for __SWI_3
    swi_table.o(SWI_TABLE) refers to hal_arm.o(i.__SWI_4) for __SWI_4
    swi_table.o(SWI_TABLE) refers to rtx_config.o(.text) for __SWI_5
    swi_table.o(SWI_TABLE) refers to hal_arm.o(i.__SWI_6) for __SWI_6
    swi_table.o(SWI_TABLE) refers to hal_arm.o(i.__SWI_7) for __SWI_7
    swi_table.o(SWI_TABLE) refers to osfinalunopti.o(.text) for __SWI_8
    osfinalunopti.o(.text) refers to memcpya.o(.text) for __aeabi_memcpy4
    osfinalunopti.o(.text) refers to strcmp.o(.text) for strcmp
    osfinalunopti.o(.text) refers to hal_arm.o(.emb_text) for os_sys_init0
    osfinalunopti.o(.text) refers to osfinalunopti.o(.constdata) for .constdata
    osfinalunopti.o(.text) refers to osfinalunopti.o(.data) for msg1
    hal_arm.o(.emb_text) refers to hal_arm.o(.data) for sys_stktop
    hal_arm.o(.emb_text) refers to rt_task.o(i.os_sys_init1) for os_sys_init1
    hal_arm.o(.emb_text) refers to hal_arm.o(.data) for sys_mode
    hal_arm.o(.emb_text) refers to rtx_config.o(.text) for os_irq_ack_lock
    hal_arm.o(.emb_text) refers to rt_system.o(.data) for os_psh
    hal_arm.o(.emb_text) refers to rt_system.o(i.os_sys_manager) for os_sys_manager
    hal_arm.o(.emb_text) refers to swi_table.o(SWI_TABLE) for SWI_Table
    hal_arm.o(i.__SWI_0) refers to hal_arm.o(i.os_stk_check) for os_stk_check
    hal_arm.o(i.__SWI_0) refers to rtx_config.o(.text) for tsk_unlock
    hal_arm.o(i.__SWI_0) refers to hal_arm.o(.emb_text) for os_switch_tasks_ret
    hal_arm.o(i.__SWI_0) refers to rt_task.o(.data) for os_runtask
    hal_arm.o(i.os_init_stack) refers to rtx_config.o(.constdata) for os_stackinfo
    hal_arm.o(i.os_init_stack) refers to hal_arm.o(.data) for .data
    hal_arm.o(i.os_stk_check) refers to rtx_config.o(.text) for os_error
    hal_arm.o(i.os_stk_check) refers to rt_task.o(.data) for os_runtask
    rt_system.o(i.os_psh_req) refers to rtx_config.o(.text) for os_tmr_inspect_ovf
    rt_system.o(i.os_psh_req) refers to rt_system.o(.data) for .data
    rt_system.o(i.os_resume) refers to rt_list.o(i.os_put_rdy_first) for os_put_rdy_first
    rt_system.o(i.os_resume) refers to rt_list.o(i.os_dec_dly) for os_dec_dly
    rt_system.o(i.os_resume) refers to rt_timer.o(i.os_tmr_tick) for os_tmr_tick
    rt_system.o(i.os_resume) refers to rt_task.o(i.os_dispatch) for os_dispatch
    rt_system.o(i.os_resume) refers to rtx_config.o(.text) for tsk_unlock
    rt_system.o(i.os_resume) refers to rt_task.o(.data) for os_runtask
    rt_system.o(i.os_resume) refers to rt_robin.o(.data) for os_robin
    rt_system.o(i.os_resume) refers to rt_list.o(.bss) for os_dly
    rt_system.o(i.os_resume) refers to rt_time.o(.data) for os_time
    rt_system.o(i.os_resume) refers to rt_timer.o(.data) for os_tmr
    rt_system.o(i.os_suspend) refers to rt_list.o(.bss) for os_dly
    rt_system.o(i.os_suspend) refers to rt_timer.o(.data) for os_tmr
    rt_system.o(i.os_sys_manager) refers to rt_list.o(i.os_put_rdy_first) for os_put_rdy_first
    rt_system.o(i.os_sys_manager) refers to rtx_config.o(.text) for os_tmr_inspect_cnt
    rt_system.o(i.os_sys_manager) refers to rt_robin.o(i.os_chk_robin) for os_chk_robin
    rt_system.o(i.os_sys_manager) refers to rt_list.o(i.os_dec_dly) for os_dec_dly
    rt_system.o(i.os_sys_manager) refers to rt_semaphore.o(i.os_sem_psh) for os_sem_psh
    rt_system.o(i.os_sys_manager) refers to hal_arm.o(.emb_text) for _dec_qc
    rt_system.o(i.os_sys_manager) refers to rt_event.o(i.os_evt_psh) for os_evt_psh
    rt_system.o(i.os_sys_manager) refers to rt_mailbox.o(i.os_mbx_psh) for os_mbx_psh
    rt_system.o(i.os_sys_manager) refers to rt_timer.o(i.os_tmr_tick) for os_tmr_tick
    rt_system.o(i.os_sys_manager) refers to hal_arm.o(i.os_stk_check) for os_stk_check
    rt_system.o(i.os_sys_manager) refers to rt_list.o(i.os_get_first) for os_get_first
    rt_system.o(i.os_sys_manager) refers to rt_task.o(.data) for os_runtask
    rt_system.o(i.os_sys_manager) refers to rt_system.o(.data) for .data
    rt_system.o(i.os_sys_manager) refers to rt_time.o(.data) for os_time
    rt_system.o(i.os_sys_manager) refers to rtx_config.o(.bss) for os_fifo
    rt_system.o(i.os_sys_manager) refers to rt_list.o(.bss) for os_rdy
    rt_task.o(i.os_block) refers to rt_list.o(i.os_put_dly) for os_put_dly
    rt_task.o(i.os_block) refers to rt_list.o(i.os_get_first) for os_get_first
    rt_task.o(i.os_block) refers to rt_task.o(.data) for .data
    rt_task.o(i.os_block) refers to rt_list.o(.bss) for os_rdy
    rt_task.o(i.os_dispatch) refers to rt_list.o(i.os_put_rdy_first) for os_put_rdy_first
    rt_task.o(i.os_dispatch) refers to rt_list.o(i.os_get_first) for os_get_first
    rt_task.o(i.os_dispatch) refers to rt_list.o(i.os_put_prio) for os_put_prio
    rt_task.o(i.os_dispatch) refers to rt_task.o(.data) for .data
    rt_task.o(i.os_dispatch) refers to rt_list.o(.bss) for os_rdy
    rt_task.o(i.os_init_context) refers to hal_arm.o(i.os_init_stack) for os_init_stack
    rt_task.o(i.os_init_context) refers to rtx_config.o(.bss) for mp_stk
    rt_task.o(i.os_sys_init1) refers to rt_membox.o(i._init_box) for _init_box
    rt_task.o(i.os_sys_init1) refers to rt_task.o(i.os_init_context) for os_init_context
    rt_task.o(i.os_sys_init1) refers to hal_arm.o(.emb_text) for os_set_env
    rt_task.o(i.os_sys_init1) refers to rtx_config.o(.text) for os_tmr_init
    rt_task.o(i.os_sys_init1) refers to rt_robin.o(i.os_init_robin) for os_init_robin
    rt_task.o(i.os_sys_init1) refers to rtx_config.o(.text) for os_idle_demon
    rt_task.o(i.os_sys_init1) refers to rtx_config.o(.bss) for os_active_TCB
    rt_task.o(i.os_sys_init1) refers to rtx_config.o(.constdata) for os_maxtaskrun
    rt_task.o(i.os_sys_init1) refers to rtx_config.o(.data) for m_tmr
    rt_task.o(i.os_sys_init1) refers to rt_task.o(.bss) for .bss
    rt_task.o(i.os_sys_init1) refers to rt_list.o(.bss) for os_rdy
    rt_task.o(i.os_sys_init1) refers to rt_task.o(.data) for .data
    rt_task.o(i.os_sys_init1) refers to rt_task.o(i.os_tsk_create0) for os_tsk_create0
    rt_task.o(i.os_tsk_create0) refers to rt_task.o(i.os_init_context) for os_init_context
    rt_task.o(i.os_tsk_create0) refers to rtx_config.o(.text) for tsk_unlock
    rt_task.o(i.os_tsk_create0) refers to rt_task.o(i.os_dispatch) for os_dispatch
    rt_task.o(i.os_tsk_create0) refers to rtx_config.o(.bss) for mp_tcb
    rt_task.o(i.os_tsk_create0) refers to rtx_config.o(.constdata) for os_maxtaskrun
    rt_task.o(i.os_tsk_create_ex0) refers to rt_task.o(i.os_tsk_create0) for os_tsk_create0
    rt_task.o(i.os_tsk_delete) refers to hal_arm.o(i.os_stk_check) for os_stk_check
    rt_task.o(i.os_tsk_delete) refers to rt_list.o(i.os_get_first) for os_get_first
    rt_task.o(i.os_tsk_delete) refers to rt_list.o(i.os_rmv_dly) for os_rmv_dly
    rt_task.o(i.os_tsk_delete) refers to rt_list.o(i.os_put_prio) for os_put_prio
    rt_task.o(i.os_tsk_delete) refers to rt_list.o(i.os_rmv_list) for os_rmv_list
    rt_task.o(i.os_tsk_delete) refers to rtx_config.o(.text) for tsk_unlock
    rt_task.o(i.os_tsk_delete) refers to rt_task.o(i.os_dispatch) for os_dispatch
    rt_task.o(i.os_tsk_delete) refers to rtx_config.o(.bss) for os_active_TCB
    rt_task.o(i.os_tsk_delete) refers to rt_task.o(.data) for .data
    rt_task.o(i.os_tsk_delete) refers to rt_list.o(.bss) for os_rdy
    rt_task.o(i.os_tsk_delete) refers to rtx_config.o(.constdata) for os_maxtaskrun
    rt_task.o(i.os_tsk_pass) refers to rt_list.o(i.os_get_same_rdy_prio) for os_get_same_rdy_prio
    rt_task.o(i.os_tsk_pass) refers to rt_list.o(i.os_put_prio) for os_put_prio
    rt_task.o(i.os_tsk_pass) refers to rtx_config.o(.text) for tsk_unlock
    rt_task.o(i.os_tsk_pass) refers to rt_task.o(.data) for .data
    rt_task.o(i.os_tsk_pass) refers to rt_list.o(.bss) for os_rdy
    rt_task.o(i.os_tsk_prio) refers to rt_list.o(i.os_put_prio) for os_put_prio
    rt_task.o(i.os_tsk_prio) refers to rtx_config.o(.text) for tsk_unlock
    rt_task.o(i.os_tsk_prio) refers to rt_list.o(i.os_resort_prio) for os_resort_prio
    rt_task.o(i.os_tsk_prio) refers to rt_list.o(i.os_get_first) for os_get_first
    rt_task.o(i.os_tsk_prio) refers to rt_task.o(i.os_dispatch) for os_dispatch
    rt_task.o(i.os_tsk_prio) refers to rt_task.o(.data) for .data
    rt_task.o(i.os_tsk_prio) refers to rtx_config.o(.constdata) for os_maxtaskrun
    rt_task.o(i.os_tsk_prio) refers to rtx_config.o(.bss) for os_active_TCB
    rt_task.o(i.os_tsk_prio) refers to rt_list.o(.bss) for os_rdy
    rt_task.o(i.os_tsk_self) refers to rt_task.o(.data) for .data
    rt_list.o(i.os_dec_dly) refers to rt_list.o(i.os_put_prio) for os_put_prio
    rt_list.o(i.os_dec_dly) refers to rt_list.o(.bss) for .bss
    rt_list.o(i.os_dec_dly) refers to rt_time.o(.data) for os_time
    rt_list.o(i.os_get_same_rdy_prio) refers to rt_list.o(.bss) for .bss
    rt_list.o(i.os_get_same_rdy_prio) refers to rt_task.o(.data) for os_runtask
    rt_list.o(i.os_psq_enq) refers to hal_arm.o(.emb_text) for _inc_qi
    rt_list.o(i.os_psq_enq) refers to rtx_config.o(.text) for os_error
    rt_list.o(i.os_psq_enq) refers to rtx_config.o(.bss) for os_fifo
    rt_list.o(i.os_put_dly) refers to rt_list.o(.bss) for .bss
    rt_list.o(i.os_put_rdy_first) refers to rt_list.o(.bss) for .bss
    rt_list.o(i.os_resort_prio) refers to rt_list.o(i.os_rmv_list) for os_rmv_list
    rt_list.o(i.os_resort_prio) refers to rt_list.o(i.os_put_prio) for os_put_prio
    rt_list.o(i.os_resort_prio) refers to rt_list.o(.bss) for .bss
    rt_list.o(i.os_rmv_list) refers to rt_list.o(.bss) for .bss
    rt_time.o(i.os_dly_wait) refers to rt_task.o(i.os_block) for os_block
    rt_time.o(i.os_dly_wait) refers to rtx_config.o(.text) for tsk_unlock
    rt_time.o(i.os_itv_set) refers to rt_task.o(.data) for os_runtask
    rt_time.o(i.os_itv_set) refers to rt_time.o(.data) for .data
    rt_time.o(i.os_itv_wait) refers to rt_task.o(i.os_block) for os_block
    rt_time.o(i.os_itv_wait) refers to rtx_config.o(.text) for tsk_unlock
    rt_time.o(i.os_itv_wait) refers to rt_task.o(.data) for os_runtask
    rt_time.o(i.os_itv_wait) refers to rt_time.o(.data) for .data
    rt_time.o(i.os_time_get) refers to rt_time.o(.data) for .data
    rt_event.o(i.isr_evt_set) refers to rt_list.o(i.os_psq_enq) for os_psq_enq
    rt_event.o(i.isr_evt_set) refers to rt_system.o(i.os_psh_req) for os_psh_req
    rt_event.o(i.isr_evt_set) refers to rtx_config.o(.bss) for os_active_TCB
    rt_event.o(i.os_evt_clr) refers to rtx_config.o(.text) for tsk_unlock
    rt_event.o(i.os_evt_clr) refers to rtx_config.o(.bss) for os_active_TCB
    rt_event.o(i.os_evt_get) refers to rt_task.o(.data) for os_runtask
    rt_event.o(i.os_evt_psh) refers to rt_list.o(i.os_rmv_dly) for os_rmv_dly
    rt_event.o(i.os_evt_psh) refers to rt_list.o(i.os_put_prio) for os_put_prio
    rt_event.o(i.os_evt_psh) refers to rt_list.o(.bss) for os_rdy
    rt_event.o(i.os_evt_set) refers to rt_list.o(i.os_rmv_dly) for os_rmv_dly
    rt_event.o(i.os_evt_set) refers to rt_task.o(i.os_dispatch) for os_dispatch
    rt_event.o(i.os_evt_set) refers to rtx_config.o(.text) for tsk_unlock
    rt_event.o(i.os_evt_set) refers to rtx_config.o(.bss) for os_active_TCB
    rt_event.o(i.os_evt_wait) refers to rt_task.o(i.os_block) for os_block
    rt_event.o(i.os_evt_wait) refers to rtx_config.o(.text) for tsk_unlock
    rt_event.o(i.os_evt_wait) refers to rt_task.o(.data) for os_runtask
    rt_mailbox.o(i.isr_mbx_receive) refers to rt_list.o(i.os_psq_enq) for os_psq_enq
    rt_mailbox.o(i.isr_mbx_receive) refers to rt_system.o(i.os_psh_req) for os_psh_req
    rt_mailbox.o(i.isr_mbx_send) refers to rt_list.o(i.os_psq_enq) for os_psq_enq
    rt_mailbox.o(i.isr_mbx_send) refers to rt_system.o(i.os_psh_req) for os_psh_req
    rt_mailbox.o(i.os_mbx_init) refers to rtx_config.o(.text) for tsk_unlock
    rt_mailbox.o(i.os_mbx_psh) refers to rt_list.o(i.os_get_first) for os_get_first
    rt_mailbox.o(i.os_mbx_psh) refers to rt_list.o(i.os_rmv_dly) for os_rmv_dly
    rt_mailbox.o(i.os_mbx_psh) refers to rt_list.o(i.os_put_prio) for os_put_prio
    rt_mailbox.o(i.os_mbx_psh) refers to rtx_config.o(.text) for os_error
    rt_mailbox.o(i.os_mbx_psh) refers to rt_list.o(.bss) for os_rdy
    rt_mailbox.o(i.os_mbx_send) refers to rt_list.o(i.os_put_prio) for os_put_prio
    rt_mailbox.o(i.os_mbx_send) refers to rt_list.o(i.os_get_first) for os_get_first
    rt_mailbox.o(i.os_mbx_send) refers to rt_list.o(i.os_rmv_dly) for os_rmv_dly
    rt_mailbox.o(i.os_mbx_send) refers to rt_task.o(i.os_dispatch) for os_dispatch
    rt_mailbox.o(i.os_mbx_send) refers to rt_task.o(i.os_block) for os_block
    rt_mailbox.o(i.os_mbx_send) refers to rtx_config.o(.text) for tsk_unlock
    rt_mailbox.o(i.os_mbx_send) refers to rt_task.o(.data) for os_runtask
    rt_mailbox.o(i.os_mbx_wait) refers to rt_list.o(i.os_get_first) for os_get_first
    rt_mailbox.o(i.os_mbx_wait) refers to rt_list.o(i.os_rmv_dly) for os_rmv_dly
    rt_mailbox.o(i.os_mbx_wait) refers to rt_task.o(i.os_dispatch) for os_dispatch
    rt_mailbox.o(i.os_mbx_wait) refers to rtx_config.o(.text) for tsk_unlock
    rt_mailbox.o(i.os_mbx_wait) refers to rt_list.o(i.os_put_prio) for os_put_prio
    rt_mailbox.o(i.os_mbx_wait) refers to rt_task.o(i.os_block) for os_block
    rt_mailbox.o(i.os_mbx_wait) refers to rt_task.o(.data) for os_runtask
    rt_semaphore.o(i.isr_sem_send) refers to rt_list.o(i.os_psq_enq) for os_psq_enq
    rt_semaphore.o(i.isr_sem_send) refers to rt_system.o(i.os_psh_req) for os_psh_req
    rt_semaphore.o(i.os_sem_init) refers to rtx_config.o(.text) for tsk_unlock
    rt_semaphore.o(i.os_sem_psh) refers to rt_list.o(i.os_get_first) for os_get_first
    rt_semaphore.o(i.os_sem_psh) refers to rt_list.o(i.os_rmv_dly) for os_rmv_dly
    rt_semaphore.o(i.os_sem_psh) refers to rt_list.o(i.os_put_prio) for os_put_prio
    rt_semaphore.o(i.os_sem_psh) refers to rt_list.o(.bss) for os_rdy
    rt_semaphore.o(i.os_sem_send) refers to rt_list.o(i.os_get_first) for os_get_first
    rt_semaphore.o(i.os_sem_send) refers to rt_list.o(i.os_rmv_dly) for os_rmv_dly
    rt_semaphore.o(i.os_sem_send) refers to rt_task.o(i.os_dispatch) for os_dispatch
    rt_semaphore.o(i.os_sem_send) refers to rtx_config.o(.text) for tsk_unlock
    rt_semaphore.o(i.os_sem_wait) refers to rtx_config.o(.text) for tsk_unlock
    rt_semaphore.o(i.os_sem_wait) refers to rt_list.o(i.os_put_prio) for os_put_prio
    rt_semaphore.o(i.os_sem_wait) refers to rt_task.o(i.os_block) for os_block
    rt_semaphore.o(i.os_sem_wait) refers to rt_task.o(.data) for os_runtask
    rt_timer.o(i.os_tmr_create) refers to rtx_config.o(.text) for tsk_unlock
    rt_timer.o(i.os_tmr_create) refers to rtx_config.o(.data) for m_tmr
    rt_timer.o(i.os_tmr_create) refers to rt_timer.o(.data) for .data
    rt_timer.o(i.os_tmr_kill) refers to rtx_config.o(.text) for tsk_unlock
    rt_timer.o(i.os_tmr_kill) refers to rt_timer.o(.data) for .data
    rt_timer.o(i.os_tmr_kill) refers to rtx_config.o(.data) for m_tmr
    rt_timer.o(i.os_tmr_tick) refers to rtx_config.o(.text) for os_tmr_call
    rt_timer.o(i.os_tmr_tick) refers to rt_timer.o(.data) for .data
    rt_timer.o(i.os_tmr_tick) refers to rtx_config.o(.data) for m_tmr
    rt_robin.o(i.os_chk_robin) refers to rt_list.o(i.os_get_first) for os_get_first
    rt_robin.o(i.os_chk_robin) refers to rt_list.o(i.os_put_prio) for os_put_prio
    rt_robin.o(i.os_chk_robin) refers to rt_robin.o(.data) for .data
    rt_robin.o(i.os_chk_robin) refers to rt_list.o(.bss) for os_rdy
    rt_robin.o(i.os_chk_robin) refers to rt_time.o(.data) for os_time
    rt_robin.o(i.os_init_robin) refers to rt_robin.o(.data) for .data
    rt_robin.o(i.os_init_robin) refers to rtx_config.o(.constdata) for os_rrobin
    entry.o(.ARM.Collect$$$$00000000) refers (Special) to entry10a.o(.ARM.Collect$$$$0000000D) for __rt_final_cpp
    entry.o(.ARM.Collect$$$$00000000) refers (Special) to entry11a.o(.ARM.Collect$$$$0000000F) for __rt_final_exit
    entry.o(.ARM.Collect$$$$00000000) refers (Special) to entry7b.o(.ARM.Collect$$$$00000008) for _main_clock
    entry.o(.ARM.Collect$$$$00000000) refers (Special) to entry8b.o(.ARM.Collect$$$$0000000A) for _main_cpp_init
    entry.o(.ARM.Collect$$$$00000000) refers (Special) to entry9a.o(.ARM.Collect$$$$0000000B) for _main_init
    entry.o(.ARM.Collect$$$$00000000) refers (Special) to entry5.o(.ARM.Collect$$$$00000004) for _main_scatterload
    entry.o(.ARM.Collect$$$$00000000) refers (Special) to entry2.o(.ARM.Collect$$$$00000001) for _main_stk
    entry2.o(.ARM.Collect$$$$00000001) refers to entry2.o(.ARM.Collect$$$$00002712) for __lit__00000000
    entry2.o(.ARM.Collect$$$$00002712) refers to startup.o(STACK) for __initial_sp
    entry5.o(.ARM.Collect$$$$00000004) refers to init.o(.text) for __scatterload
    entry9a.o(.ARM.Collect$$$$0000000B) refers to osfinalunopti.o(.text) for main
    entry9b.o(.ARM.Collect$$$$0000000C) refers to osfinalunopti.o(.text) for main
    init.o(.text) refers to init.o(i.__ARM_common_call_via_r3) for __ARM_common_call_via_r3
    init.o(.text) refers to entry5.o(.ARM.Collect$$$$00000004) for __main_after_scatterload


==============================================================================

Removing Unused input sections from the image.

    Removing startup.o(HEAP), (0 bytes).
    Removing rt_membox.o(i._calloc_box), (32 bytes).
    Removing rt_system.o(.emb_text), (0 bytes).
    Removing rt_system.o(i.os_psh_req), (52 bytes).
    Removing rt_system.o(i.os_resume), (168 bytes).
    Removing rt_system.o(i.os_suspend), (52 bytes).
    Removing rt_task.o(i.os_block), (72 bytes).
    Removing rt_task.o(i.os_tsk_create_ex0), (12 bytes).
    Removing rt_task.o(i.os_tsk_delete), (336 bytes).
    Removing rt_task.o(i.os_tsk_pass), (52 bytes).
    Removing rt_task.o(i.os_tsk_prio), (144 bytes).
    Removing rt_task.o(i.os_tsk_self), (16 bytes).
    Removing rt_list.o(i.os_get_same_rdy_prio), (36 bytes).
    Removing rt_list.o(i.os_psq_enq), (52 bytes).
    Removing rt_list.o(i.os_put_dly), (80 bytes).
    Removing rt_list.o(i.os_resort_prio), (52 bytes).
    Removing rt_list.o(i.os_rmv_list), (52 bytes).
    Removing rt_time.o(i.os_dly_wait), (24 bytes).
    Removing rt_time.o(i.os_itv_set), (24 bytes).
    Removing rt_time.o(i.os_itv_wait), (56 bytes).
    Removing rt_time.o(i.os_time_get), (12 bytes).
    Removing rt_event.o(i.isr_evt_set), (40 bytes).
    Removing rt_event.o(i.os_evt_clr), (40 bytes).
    Removing rt_event.o(i.os_evt_get), (12 bytes).
    Removing rt_event.o(i.os_evt_set), (100 bytes).
    Removing rt_event.o(i.os_evt_wait), (96 bytes).
    Removing rt_mailbox.o(i.isr_mbx_receive), (76 bytes).
    Removing rt_mailbox.o(i.isr_mbx_send), (16 bytes).
    Removing rt_mailbox.o(i.os_mbx_check), (8 bytes).
    Removing rt_mailbox.o(i.os_mbx_init), (48 bytes).
    Removing rt_mailbox.o(i.os_mbx_send), (164 bytes).
    Removing rt_mailbox.o(i.os_mbx_wait), (160 bytes).
    Removing rt_semaphore.o(i.isr_sem_send), (18 bytes).
    Removing rt_semaphore.o(i.os_sem_init), (28 bytes).
    Removing rt_semaphore.o(i.os_sem_send), (58 bytes).
    Removing rt_semaphore.o(i.os_sem_wait), (96 bytes).
    Removing rt_timer.o(i.os_tmr_create), (92 bytes).
    Removing rt_timer.o(i.os_tmr_kill), (72 bytes).

38 unused section(s) (total 2448 bytes) removed from the image.

==============================================================================

Adding Veneers to the image

    Adding AT veneer (8 bytes, Inline) for call to 'os_sys_init0' from osfinalunopti.o(.text).
    Adding TA veneer (4 bytes, Inline) for call to 'os_idle_demon' from rt_task.o(i.os_sys_init1).
    Adding AT veneer (8 bytes, Inline) for call to '__aeabi_memcpy4' from osfinalunopti.o(.text).
    Adding AT veneer (8 bytes, Inline) for call to 'strcmp' from osfinalunopti.o(.text).
    Adding AT veneer (8 bytes, Inline) for call to '__scatterload' from entry5.o(.ARM.Collect$$$$00000004).
    Adding TA veneer (8 bytes, Short) for call to '__main_after_scatterload' from init.o(.text).
    Adding TA veneer (8 bytes, Short) for call to 'os_error' from rt_mailbox.o(i.os_mbx_psh).
    Adding TA veneer (8 bytes, Short) for call to 'os_tmr_call' from rt_timer.o(i.os_tmr_tick).

8 Veneer(s) (total 60 bytes) added to the image.

==============================================================================

Image Symbol Table

    Local Symbols

    Symbol Name                              Value     Ov Type        Size  Object(Section)

    RESET                                    0x00000000   Section      260  startup.o(RESET)
    ../clib/microlib/init/entry.s            0x00000000   Number         0  entry10a.o ABSOLUTE
    ../clib/microlib/init/entry.s            0x00000000   Number         0  entry9b.o ABSOLUTE
    ../clib/microlib/init/entry.s            0x00000000   Number         0  entry9a.o ABSOLUTE
    ../clib/microlib/init/entry.s            0x00000000   Number         0  entry8b.o ABSOLUTE
    ../clib/microlib/init/entry.s            0x00000000   Number         0  entry8a.o ABSOLUTE
    ../clib/microlib/init/entry.s            0x00000000   Number         0  entry7b.o ABSOLUTE
    ../clib/microlib/init/entry.s            0x00000000   Number         0  entry7a.o ABSOLUTE
    ../clib/microlib/init/entry.s            0x00000000   Number         0  entry5.o ABSOLUTE
    ../clib/microlib/init/entry.s            0x00000000   Number         0  entry.o ABSOLUTE
    ../clib/microlib/init/entry.s            0x00000000   Number         0  entry2.o ABSOLUTE
    ../clib/microlib/init/entry.s            0x00000000   Number         0  entry11b.o ABSOLUTE
    ../clib/microlib/init/entry.s            0x00000000   Number         0  entry11a.o ABSOLUTE
    ../clib/microlib/init/entry.s            0x00000000   Number         0  entry10b.o ABSOLUTE
    ../clib/microlib/string/memcpy.c         0x00000000   Number         0  memcpyb.o ABSOLUTE
    ../clib/microlib/string/memcpy.c         0x00000000   Number         0  memcpya.o ABSOLUTE
    ../clib/microlib/string/strcmp.c         0x00000000   Number         0  strcmp.o ABSOLUTE
    SRC\ARM\HAL_ARM.c                        0x00000000   Number         0  hal_arm.o ABSOLUTE
    SRC\ARM\rt_Event.c                       0x00000000   Number         0  rt_event.o ABSOLUTE
    SRC\ARM\rt_List.c                        0x00000000   Number         0  rt_list.o ABSOLUTE
    SRC\ARM\rt_Mailbox.c                     0x00000000   Number         0  rt_mailbox.o ABSOLUTE
    SRC\ARM\rt_MemBox.c                      0x00000000   Number         0  rt_membox.o ABSOLUTE
    SRC\ARM\rt_Robin.c                       0x00000000   Number         0  rt_robin.o ABSOLUTE
    SRC\ARM\rt_Semaphore.c                   0x00000000   Number         0  rt_semaphore.o ABSOLUTE
    SRC\ARM\rt_System.c                      0x00000000   Number         0  rt_system.o ABSOLUTE
    SRC\ARM\rt_Task.c                        0x00000000   Number         0  rt_task.o ABSOLUTE
    SRC\ARM\rt_Time.c                        0x00000000   Number         0  rt_time.o ABSOLUTE
    SRC\ARM\rt_Timer.c                       0x00000000   Number         0  rt_timer.o ABSOLUTE
    SRC\\ARM\\HAL_ARM.c                      0x00000000   Number         0  hal_arm.o ABSOLUTE
    SRC\\ARM\\rt_System.c                    0x00000000   Number         0  rt_system.o ABSOLUTE
    dc.s                                     0x00000000   Number         0  dc.o ABSOLUTE
    handlers.s                               0x00000000   Number         0  handlers.o ABSOLUTE
    init.s                                   0x00000000   Number         0  init.o ABSOLUTE
    osfinalunopti.c                          0x00000000   Number         0  osfinalunopti.o ABSOLUTE
    startup+config file\RTX_Config.c         0x00000000   Number         0  rtx_config.o ABSOLUTE
    startup+config file\SWI_Table.s          0x00000000   Number         0  swi_table.o ABSOLUTE
    startup+config file\Startup.s            0x00000000   Number         0  startup.o ABSOLUTE
    Undef_Handler                            0x00000040   ARM Code       4  startup.o(RESET)
    PAbt_Handler                             0x00000044   ARM Code       4  startup.o(RESET)
    DAbt_Handler                             0x00000048   ARM Code       4  startup.o(RESET)
    IRQ_Handler                              0x0000004c   ARM Code       4  startup.o(RESET)
    FIQ_Handler                              0x00000050   ARM Code       4  startup.o(RESET)
    .ARM.Collect$$$$00000000                 0x00000104   Section        0  entry.o(.ARM.Collect$$$$00000000)
    .ARM.Collect$$$$00000001                 0x00000104   Section        4  entry2.o(.ARM.Collect$$$$00000001)
    .ARM.Collect$$$$00000004                 0x00000108   Section        4  entry5.o(.ARM.Collect$$$$00000004)
    .ARM.Collect$$$$00000008                 0x0000010c   Section        0  entry7b.o(.ARM.Collect$$$$00000008)
    .ARM.Collect$$$$0000000A                 0x0000010c   Section        0  entry8b.o(.ARM.Collect$$$$0000000A)
    .ARM.Collect$$$$0000000B                 0x0000010c   Section       12  entry9a.o(.ARM.Collect$$$$0000000B)
    .ARM.Collect$$$$0000000D                 0x00000118   Section        0  entry10a.o(.ARM.Collect$$$$0000000D)
    .ARM.Collect$$$$0000000F                 0x00000118   Section        0  entry11a.o(.ARM.Collect$$$$0000000F)
    .ARM.Collect$$$$00002712                 0x00000118   Section        4  entry2.o(.ARM.Collect$$$$00002712)
    __lit__00000000                          0x00000118   Data           4  entry2.o(.ARM.Collect$$$$00002712)
    .emb_text                                0x00000124   Section      516  hal_arm.o(.emb_text)
    Switch_task                              0x000002a0   ARM Code       0  hal_arm.o(.emb_text)
    .text                                    0x0000032c   Section        0  rtx_config.o(.text)
    os_def_interrupt                         0x00000340   ARM Code      20  rtx_config.o(.text)
    .text                                    0x00000354   Section        0  rtx_config.o(.text)
    .text                                    0x000003d4   Section        0  osfinalunopti.o(.text)
    .text                                    0x000008e8   Section        0  memcpya.o(.text)
    .text                                    0x00000914   Section        0  strcmp.o(.text)
    .text                                    0x00000940   Section       32  init.o(.text)
    SWI_TABLE                                0x00000960   Section       44  swi_table.o(SWI_TABLE)
    i.__ARM_common_call_via_r3               0x000009a4   Section        2  init.o(i.__ARM_common_call_via_r3)
    i.__SWI_0                                0x000009a8   Section        0  hal_arm.o(i.__SWI_0)
    i.__SWI_1                                0x000009dc   Section        0  rt_membox.o(i.__SWI_1)
    i.__SWI_2                                0x000009ea   Section        0  rt_membox.o(i.__SWI_2)
    i.__SWI_3                                0x00000a02   Section        0  hal_arm.o(i.__SWI_3)
    i.__SWI_4                                0x00000a0a   Section        0  hal_arm.o(i.__SWI_4)
    i.__SWI_6                                0x00000a12   Section        0  hal_arm.o(i.__SWI_6)
    i.__SWI_7                                0x00000a14   Section        0  hal_arm.o(i.__SWI_7)
    i.__scatterload_copy                     0x00000a18   Section       28  handlers.o(i.__scatterload_copy)
    i.__scatterload_null                     0x00000a34   Section        4  handlers.o(i.__scatterload_null)
    i.__scatterload_zeroinit                 0x00000a38   Section       24  handlers.o(i.__scatterload_zeroinit)
    i._init_box                              0x00000a50   Section        0  rt_membox.o(i._init_box)
    i.os_chk_robin                           0x00000a9c   Section        0  rt_robin.o(i.os_chk_robin)
    i.os_dec_dly                             0x00000ae4   Section        0  rt_list.o(i.os_dec_dly)
    i.os_dispatch                            0x00000b60   Section        0  rt_task.o(i.os_dispatch)
    i.os_evt_psh                             0x00000ba4   Section        0  rt_event.o(i.os_evt_psh)
    i.os_get_first                           0x00000bf4   Section        0  rt_list.o(i.os_get_first)
    i.os_init_context                        0x00000c20   Section        0  rt_task.o(i.os_init_context)
    os_init_context                          0x00000c21   Thumb Code    70  rt_task.o(i.os_init_context)
    i.os_init_robin                          0x00000c6c   Section        0  rt_robin.o(i.os_init_robin)
    i.os_init_stack                          0x00000c84   Section        0  hal_arm.o(i.os_init_stack)
    i.os_mbx_psh                             0x00000cf8   Section        0  rt_mailbox.o(i.os_mbx_psh)
    i.os_put_prio                            0x00000d80   Section        0  rt_list.o(i.os_put_prio)
    i.os_put_rdy_first                       0x00000dc0   Section        0  rt_list.o(i.os_put_rdy_first)
    i.os_rmv_dly                             0x00000dd4   Section        0  rt_list.o(i.os_rmv_dly)
    i.os_sem_psh                             0x00000e00   Section        0  rt_semaphore.o(i.os_sem_psh)
    i.os_stk_check                           0x00000e38   Section        0  hal_arm.o(i.os_stk_check)
    i.os_sys_init1                           0x00000e68   Section        0  rt_task.o(i.os_sys_init1)
    i.os_sys_manager                         0x00000f50   Section        0  rt_system.o(i.os_sys_manager)
    i.os_tmr_tick                            0x00001020   Section        0  rt_timer.o(i.os_tmr_tick)
    i.os_tsk_create0                         0x00001064   Section        0  rt_task.o(i.os_tsk_create0)
    .constdata                               0x000010f4   Section       32  rtx_config.o(.constdata)
    __tagsym$$used                           0x00001100   Number         0  rtx_config.o(.constdata)
    __tagsym$$used                           0x00001104   Number         0  rtx_config.o(.constdata)
    .constdata                               0x00001114   Section      108  osfinalunopti.o(.constdata)
    .constdata                               0x00001180   Section        4  rt_system.o(.constdata)
    __tagsym$$used                           0x00001180   Number         0  rt_system.o(.constdata)
    .data                                    0x40000000   Section        4  rtx_config.o(.data)
    .data                                    0x40000004   Section       31  osfinalunopti.o(.data)
    .data                                    0x40000024   Section        4  hal_arm.o(.data)
    .data                                    0x40000028   Section        1  hal_arm.o(.data)
    .data                                    0x4000002c   Section        8  rt_system.o(.data)
    .data                                    0x40000034   Section        4  rt_task.o(.data)
    .data                                    0x40000038   Section        4  rt_time.o(.data)
    .data                                    0x4000003c   Section        8  rt_timer.o(.data)
    .data                                    0x40000044   Section        8  rt_robin.o(.data)
    .bss                                     0x40000050   Section     1924  rtx_config.o(.bss)
    .bss                                     0x400007d4   Section       56  rt_task.o(.bss)
    .bss                                     0x4000080c   Section       48  rt_list.o(.bss)
    STACK                                    0x40000840   Section      176  startup.o(STACK)
    Stack_Top                                0x400008f0   Data           0  startup.o(STACK)

    Global Symbols

    Symbol Name                              Value     Ov Type        Size  Object(Section)

    BuildAttributes$$THM_ISAv1$ARM_ISAv4$S$PE$A:L22$X:L11$S22$IEEE1$IW$USESV6$~STKCKD$USESV7$~SHL$OSPACE$EBA8$MICROLIB$REQ8$EABIv2 0x00000000   Number         0  anon$$obj.o ABSOLUTE
    __ARM_use_no_argv                        0x00000000   Number         0  osfinalunopti.o ABSOLUTE
    __cpp_initialize__aeabi_                  - Undefined Weak Reference
    __cxa_finalize                            - Undefined Weak Reference
    __decompress                              - Undefined Weak Reference
    _clock_init                               - Undefined Weak Reference
    _microlib_exit                            - Undefined Weak Reference
    os_tmr_reload                             - Undefined Weak Reference
    rt_init                                   - Undefined Weak Reference
    rt_notify                                 - Undefined Weak Reference
    rt_post_taskswitch                        - Undefined Weak Reference
    Reset_Handler                            0x00000054   ARM Code       0  startup.o(RESET)
    __main                                   0x00000104   ARM Code       0  entry.o(.ARM.Collect$$$$00000000)
    _main_stk                                0x00000104   ARM Code       0  entry2.o(.ARM.Collect$$$$00000001)
    _main_scatterload                        0x00000108   ARM Code       0  entry5.o(.ARM.Collect$$$$00000004)
    __main_after_scatterload                 0x0000010c   ARM Code       0  entry5.o(.ARM.Collect$$$$00000004)
    _main_clock                              0x0000010c   ARM Code       0  entry7b.o(.ARM.Collect$$$$00000008)
    _main_cpp_init                           0x0000010c   ARM Code       0  entry8b.o(.ARM.Collect$$$$0000000A)
    _main_init                               0x0000010c   ARM Code       0  entry9a.o(.ARM.Collect$$$$0000000B)
    __rt_final_cpp                           0x00000118   ARM Code       0  entry10a.o(.ARM.Collect$$$$0000000D)
    __rt_final_exit                          0x00000118   ARM Code       0  entry11a.o(.ARM.Collect$$$$0000000F)
    Inline ARM to Thumb Veneer to os_sys_init0 0x0000011c   ARM Code       8  hal_arm.o(.emb_text)
    _inc_qi                                  0x00000125   Thumb Code    60  hal_arm.o(.emb_text)
    _dec_qc                                  0x00000161   Thumb Code    32  hal_arm.o(.emb_text)
    os_set_env                               0x00000181   Thumb Code     8  hal_arm.o(.emb_text)
    os_sys_init0                             0x00000189   Thumb Code    32  hal_arm.o(.emb_text)
    os_sys_run                               0x000001b5   Thumb Code    16  hal_arm.o(.emb_text)
    os_clock_interrupt                       0x000001c8   ARM Code     128  hal_arm.o(.emb_text)
    os_sys_manager_ret                       0x00000235   Thumb Code     0  hal_arm.o(.emb_text)
    SWI_Handler                              0x0000025c   ARM Code     196  hal_arm.o(.emb_text)
    os_switch_tasks_ret                      0x00000299   Thumb Code     0  hal_arm.o(.emb_text)
    Inline Thumb to ARM Veneer to os_idle_demon 0x00000329   Thumb Code     4  rtx_config.o(.text)
    os_idle_demon                            0x0000032c   ARM Code       8  rtx_config.o(.text)
    os_tmr_call                              0x00000334   ARM Code       4  rtx_config.o(.text)
    os_error                                 0x00000338   ARM Code       8  rtx_config.o(.text)
    os_tmr_init                              0x00000355   Thumb Code    34  rtx_config.o(.text)
    os_tmr_force_irq                         0x00000379   Thumb Code     8  rtx_config.o(.text)
    os_tmr_inspect_cnt                       0x00000381   Thumb Code     6  rtx_config.o(.text)
    os_tmr_inspect_ovf                       0x00000389   Thumb Code    10  rtx_config.o(.text)
    os_irq_ack_lock                          0x00000395   Thumb Code    20  rtx_config.o(.text)
    __SWI_5                                  0x000003a9   Thumb Code     8  rtx_config.o(.text)
    tsk_unlock                               0x000003b1   Thumb Code     8  rtx_config.o(.text)
    delay                                    0x000003d4   ARM Code      20  osfinalunopti.o(.text)
    data                                     0x000003e8   ARM Code     144  osfinalunopti.o(.text)
    __RL_RTX_VER                             0x00000473   Number         0  rt_system.o ABSOLUTE
    cmd                                      0x00000478   ARM Code     144  osfinalunopti.o(.text)
    __SWI_8                                  0x00000508   ARM Code     228  osfinalunopti.o(.text)
    __SWI_9                                  0x000005ec   ARM Code     228  osfinalunopti.o(.text)
    lock                                     0x000006d0   ARM Code     228  osfinalunopti.o(.text)
    init_serial                              0x000007b4   ARM Code      44  osfinalunopti.o(.text)
    task1                                    0x000007e0   ARM Code     160  osfinalunopti.o(.text)
    main                                     0x00000880   ARM Code      36  osfinalunopti.o(.text)
    Inline ARM to Thumb Veneer to __aeabi_memcpy4 0x000008e0   ARM Code       8  memcpya.o(.text)
    __aeabi_memcpy                           0x000008e9   Thumb Code    36  memcpya.o(.text)
    __aeabi_memcpy4                          0x000008e9   Thumb Code     0  memcpya.o(.text)
    __aeabi_memcpy8                          0x000008e9   Thumb Code     0  memcpya.o(.text)
    Inline ARM to Thumb Veneer to strcmp     0x0000090c   ARM Code       8  strcmp.o(.text)
    strcmp                                   0x00000915   Thumb Code    34  strcmp.o(.text)
    Inline ARM to Thumb Veneer to __scatterload 0x00000938   ARM Code       8  init.o(.text)
    __scatterload                            0x00000941   Thumb Code    24  init.o(.text)
    __scatterload_rt2                        0x00000941   Thumb Code     0  init.o(.text)
    SWI_Count                                0x00000960   Data           4  swi_table.o(SWI_TABLE)
    SWI_Table                                0x00000964   Data           0  swi_table.o(SWI_TABLE)
    Short Thumb to ARM Veneer to __main_after_scatterload 0x0000098d   Thumb Code     8  anon$$obj.o(Veneer$$Code)
    Short Thumb to ARM Veneer to os_error    0x00000995   Thumb Code     8  anon$$obj.o(Veneer$$Code)
    Short Thumb to ARM Veneer to os_tmr_call 0x0000099d   Thumb Code     8  anon$$obj.o(Veneer$$Code)
    __ARM_common_call_via_r3                 0x000009a5   Thumb Code     2  init.o(i.__ARM_common_call_via_r3)
    __SWI_0                                  0x000009a9   Thumb Code    46  hal_arm.o(i.__SWI_0)
    __SWI_1                                  0x000009dd   Thumb Code    14  rt_membox.o(i.__SWI_1)
    __SWI_2                                  0x000009eb   Thumb Code    24  rt_membox.o(i.__SWI_2)
    __SWI_3                                  0x00000a03   Thumb Code     8  hal_arm.o(i.__SWI_3)
    __SWI_4                                  0x00000a0b   Thumb Code     8  hal_arm.o(i.__SWI_4)
    __SWI_6                                  0x00000a13   Thumb Code     2  hal_arm.o(i.__SWI_6)
    __SWI_7                                  0x00000a15   Thumb Code     2  hal_arm.o(i.__SWI_7)
    __scatterload_copy                       0x00000a18   ARM Code      28  handlers.o(i.__scatterload_copy)
    __scatterload_null                       0x00000a34   ARM Code       4  handlers.o(i.__scatterload_null)
    __scatterload_zeroinit                   0x00000a38   ARM Code      24  handlers.o(i.__scatterload_zeroinit)
    _init_box                                0x00000a51   Thumb Code    74  rt_membox.o(i._init_box)
    os_chk_robin                             0x00000a9d   Thumb Code    60  rt_robin.o(i.os_chk_robin)
    os_dec_dly                               0x00000ae5   Thumb Code   116  rt_list.o(i.os_dec_dly)
    os_dispatch                              0x00000b61   Thumb Code    60  rt_task.o(i.os_dispatch)
    os_evt_psh                               0x00000ba5   Thumb Code    74  rt_event.o(i.os_evt_psh)
    os_get_first                             0x00000bf5   Thumb Code    42  rt_list.o(i.os_get_first)
    os_init_robin                            0x00000c6d   Thumb Code    16  rt_robin.o(i.os_init_robin)
    os_init_stack                            0x00000c85   Thumb Code   100  hal_arm.o(i.os_init_stack)
    os_mbx_psh                               0x00000cf9   Thumb Code   132  rt_mailbox.o(i.os_mbx_psh)
    os_put_prio                              0x00000d81   Thumb Code    62  rt_list.o(i.os_put_prio)
    os_put_rdy_first                         0x00000dc1   Thumb Code    14  rt_list.o(i.os_put_rdy_first)
    os_rmv_dly                               0x00000dd5   Thumb Code    44  rt_list.o(i.os_rmv_dly)
    os_sem_psh                               0x00000e01   Thumb Code    50  rt_semaphore.o(i.os_sem_psh)
    os_stk_check                             0x00000e39   Thumb Code    38  hal_arm.o(i.os_stk_check)
    os_sys_init1                             0x00000e69   Thumb Code   162  rt_task.o(i.os_sys_init1)
    os_sys_manager                           0x00000f51   Thumb Code   186  rt_system.o(i.os_sys_manager)
    os_tmr_tick                              0x00001021   Thumb Code    58  rt_timer.o(i.os_tmr_tick)
    os_tsk_create0                           0x00001065   Thumb Code   130  rt_task.o(i.os_tsk_create0)
    os_maxtaskrun                            0x000010f4   Data           2  rtx_config.o(.constdata)
    os_stackinfo                             0x000010f8   Data           4  rtx_config.o(.constdata)
    os_rrobin                                0x000010fc   Data           4  rtx_config.o(.constdata)
    os_clockrate                             0x00001100   Data           4  rtx_config.o(.constdata)
    os_timernum                              0x00001104   Data           4  rtx_config.o(.constdata)
    mp_tcb_size                              0x00001108   Data           2  rtx_config.o(.constdata)
    mp_stk_size                              0x0000110c   Data           4  rtx_config.o(.constdata)
    os_fifo_size                             0x00001110   Data           1  rtx_config.o(.constdata)
    mp_tmr_size                              0x00001112   Data           2  rtx_config.o(.constdata)
    RL_RTX_Version                           0x00001180   Data           4  rt_system.o(.constdata)
    Region$$Table$$Base                      0x00001184   Number         0  anon$$obj.o(Region$$Table)
    Region$$Table$$Limit                     0x000011a4   Number         0  anon$$obj.o(Region$$Table)
    m_tmr                                    0x40000000   Data           4  rtx_config.o(.data)
    msg1                                     0x40000004   Data           9  osfinalunopti.o(.data)
    msg2                                     0x4000000d   Data           7  osfinalunopti.o(.data)
    msg3                                     0x40000014   Data          15  osfinalunopti.o(.data)
    sys_stktop                               0x40000024   Data           4  hal_arm.o(.data)
    sys_mode                                 0x40000028   Data           1  hal_arm.o(.data)
    os_psh                                   0x4000002c   Data           8  rt_system.o(.data)
    os_runtask                               0x40000034   Data           4  rt_task.o(.data)
    os_time                                  0x40000038   Data           4  rt_time.o(.data)
    os_tmr                                   0x4000003c   Data           8  rt_timer.o(.data)
    os_robin                                 0x40000044   Data           8  rt_robin.o(.data)
    mp_tcb                                   0x40000050   Data         348  rtx_config.o(.bss)
    mp_stk                                   0x400001b0   Data        1416  rtx_config.o(.bss)
    os_fifo                                  0x40000738   Data         132  rtx_config.o(.bss)
    os_active_TCB                            0x400007bc   Data          24  rtx_config.o(.bss)
    os_idle_TCB                              0x400007d4   Data          56  rt_task.o(.bss)
    os_rdy                                   0x4000080c   Data          24  rt_list.o(.bss)
    os_dly                                   0x40000824   Data          24  rt_list.o(.bss)
    __initial_sp                             0x40000890   Data          96  startup.o(STACK)



==============================================================================

Memory Map of the image

  Image Entry point : 0x00000104

  Load Region LR_IROM1 (Base: 0x00000000, Size: 0x000011f0, Max: 0x00080000, ABSOLUTE)

    Execution Region ER_IROM1 (Base: 0x00000000, Size: 0x000011a4, Max: 0x00080000, ABSOLUTE)

    Base Addr    Size         Type   Attr      Idx    E Section Name        Object

    0x00000000   0x00000104   Code   RO           37    RESET               startup.o
    0x00000104   0x00000000   Code   RO          584  * .ARM.Collect$$$$00000000  mc_t.l(entry.o)
    0x00000104   0x00000004   Code   RO          593    .ARM.Collect$$$$00000001  mc_t.l(entry2.o)
    0x00000108   0x00000004   Code   RO          595    .ARM.Collect$$$$00000004  mc_t.l(entry5.o)
    0x0000010c   0x00000000   Code   RO          597    .ARM.Collect$$$$00000008  mc_t.l(entry7b.o)
    0x0000010c   0x00000000   Code   RO          599    .ARM.Collect$$$$0000000A  mc_t.l(entry8b.o)
    0x0000010c   0x0000000c   Code   RO          600    .ARM.Collect$$$$0000000B  mc_t.l(entry9a.o)
    0x00000118   0x00000000   Code   RO          602    .ARM.Collect$$$$0000000D  mc_t.l(entry10a.o)
    0x00000118   0x00000000   Code   RO          604    .ARM.Collect$$$$0000000F  mc_t.l(entry11a.o)
    0x00000118   0x00000004   Code   RO          594    .ARM.Collect$$$$00002712  mc_t.l(entry2.o)
    0x0000011c   0x00000008   Ven    RO          110    .emb_text           RTX_ARM_L.LIB(hal_arm.o)
    0x00000124   0x00000204   Code   RO          110    .emb_text           RTX_ARM_L.LIB(hal_arm.o)
    0x00000328   0x00000004   Ven    RO            1    .text               rtx_config.o
    0x0000032c   0x00000028   Code   RO            1    .text               rtx_config.o
    0x00000354   0x00000080   Code   RO            2    .text               rtx_config.o
    0x000003d4   0x0000050c   Code   RO           44    .text               osfinalunopti.o
    0x000008e0   0x00000008   Ven    RO          587    .text               mc_t.l(memcpya.o)
    0x000008e8   0x00000024   Code   RO          587    .text               mc_t.l(memcpya.o)
    0x0000090c   0x00000008   Ven    RO          589    .text               mc_t.l(strcmp.o)
    0x00000914   0x00000022   Code   RO          589    .text               mc_t.l(strcmp.o)
    0x00000936   0x00000002   PAD
    0x00000938   0x00000008   Ven    RO          606    .text               mc_t.l(init.o)
    0x00000940   0x00000020   Code   RO          606    .text               mc_t.l(init.o)
    0x00000960   0x0000002c   Code   RO           41    SWI_TABLE           swi_table.o
    0x0000098c   0x00000008   Ven    RO          623    Veneer$$Code        anon$$obj.o
    0x00000994   0x00000008   Ven    RO          624    Veneer$$Code        anon$$obj.o
    0x0000099c   0x00000008   Ven    RO          625    Veneer$$Code        anon$$obj.o
    0x000009a4   0x00000002   Code   RO          608    i.__ARM_common_call_via_r3  mc_t.l(init.o)
    0x000009a6   0x00000002   PAD
    0x000009a8   0x00000034   Code   RO          111    i.__SWI_0           RTX_ARM_L.LIB(hal_arm.o)
    0x000009dc   0x0000000e   Code   RO           73    i.__SWI_1           RTX_ARM_L.LIB(rt_membox.o)
    0x000009ea   0x00000018   Code   RO           74    i.__SWI_2           RTX_ARM_L.LIB(rt_membox.o)
    0x00000a02   0x00000008   Code   RO          112    i.__SWI_3           RTX_ARM_L.LIB(hal_arm.o)
    0x00000a0a   0x00000008   Code   RO          113    i.__SWI_4           RTX_ARM_L.LIB(hal_arm.o)
    0x00000a12   0x00000002   Code   RO          114    i.__SWI_6           RTX_ARM_L.LIB(hal_arm.o)
    0x00000a14   0x00000002   Code   RO          115    i.__SWI_7           RTX_ARM_L.LIB(hal_arm.o)
    0x00000a16   0x00000002   PAD
    0x00000a18   0x0000001c   Code   RO          612    i.__scatterload_copy  mc_t.l(handlers.o)
    0x00000a34   0x00000004   Code   RO          613    i.__scatterload_null  mc_t.l(handlers.o)
    0x00000a38   0x00000018   Code   RO          614    i.__scatterload_zeroinit  mc_t.l(handlers.o)
    0x00000a50   0x0000004a   Code   RO           76    i._init_box         RTX_ARM_L.LIB(rt_membox.o)
    0x00000a9a   0x00000002   PAD
    0x00000a9c   0x00000048   Code   RO          563    i.os_chk_robin      RTX_ARM_L.LIB(rt_robin.o)
    0x00000ae4   0x0000007c   Code   RO          305    i.os_dec_dly        RTX_ARM_L.LIB(rt_list.o)
    0x00000b60   0x00000044   Code   RO          230    i.os_dispatch       RTX_ARM_L.LIB(rt_task.o)
    0x00000ba4   0x00000050   Code   RO          413    i.os_evt_psh        RTX_ARM_L.LIB(rt_event.o)
    0x00000bf4   0x0000002a   Code   RO          306    i.os_get_first      RTX_ARM_L.LIB(rt_list.o)
    0x00000c1e   0x00000002   PAD
    0x00000c20   0x0000004c   Code   RO          231    i.os_init_context   RTX_ARM_L.LIB(rt_task.o)
    0x00000c6c   0x00000018   Code   RO          564    i.os_init_robin     RTX_ARM_L.LIB(rt_robin.o)
    0x00000c84   0x00000074   Code   RO          116    i.os_init_stack     RTX_ARM_L.LIB(hal_arm.o)
    0x00000cf8   0x00000088   Code   RO          456    i.os_mbx_psh        RTX_ARM_L.LIB(rt_mailbox.o)
    0x00000d80   0x0000003e   Code   RO          310    i.os_put_prio       RTX_ARM_L.LIB(rt_list.o)
    0x00000dbe   0x00000002   PAD
    0x00000dc0   0x00000014   Code   RO          311    i.os_put_rdy_first  RTX_ARM_L.LIB(rt_list.o)
    0x00000dd4   0x0000002c   Code   RO          313    i.os_rmv_dly        RTX_ARM_L.LIB(rt_list.o)
    0x00000e00   0x00000038   Code   RO          502    i.os_sem_psh        RTX_ARM_L.LIB(rt_semaphore.o)
    0x00000e38   0x00000030   Code   RO          117    i.os_stk_check      RTX_ARM_L.LIB(hal_arm.o)
    0x00000e68   0x000000e8   Code   RO          232    i.os_sys_init1      RTX_ARM_L.LIB(rt_task.o)
    0x00000f50   0x000000d0   Code   RO          185    i.os_sys_manager    RTX_ARM_L.LIB(rt_system.o)
    0x00001020   0x00000044   Code   RO          538    i.os_tmr_tick       RTX_ARM_L.LIB(rt_timer.o)
    0x00001064   0x00000090   Code   RO          233    i.os_tsk_create0    RTX_ARM_L.LIB(rt_task.o)
    0x000010f4   0x00000020   Data   RO            4    .constdata          rtx_config.o
    0x00001114   0x0000006c   Data   RO           45    .constdata          osfinalunopti.o
    0x00001180   0x00000004   Data   RO          186    .constdata          RTX_ARM_L.LIB(rt_system.o)
    0x00001184   0x00000020   Data   RO          610    Region$$Table       anon$$obj.o


    Execution Region RW_IRAM1 (Base: 0x40000000, Size: 0x000008f0, Max: 0x00008000, ABSOLUTE)

    Base Addr    Size         Type   Attr      Idx    E Section Name        Object

    0x40000000   0x00000004   Data   RW            5    .data               rtx_config.o
    0x40000004   0x0000001f   Data   RW           46    .data               osfinalunopti.o
    0x40000023   0x00000001   PAD
    0x40000024   0x00000004   Data   RW          118    .data               RTX_ARM_L.LIB(hal_arm.o)
    0x40000028   0x00000001   Data   RW          119    .data               RTX_ARM_L.LIB(hal_arm.o)
    0x40000029   0x00000003   PAD
    0x4000002c   0x00000008   Data   RW          187    .data               RTX_ARM_L.LIB(rt_system.o)
    0x40000034   0x00000004   Data   RW          240    .data               RTX_ARM_L.LIB(rt_task.o)
    0x40000038   0x00000004   Data   RW          381    .data               RTX_ARM_L.LIB(rt_time.o)
    0x4000003c   0x00000008   Data   RW          539    .data               RTX_ARM_L.LIB(rt_timer.o)
    0x40000044   0x00000008   Data   RW          565    .data               RTX_ARM_L.LIB(rt_robin.o)
    0x4000004c   0x00000004   PAD
    0x40000050   0x00000784   Zero   RW            3    .bss                rtx_config.o
    0x400007d4   0x00000038   Zero   RW          239    .bss                RTX_ARM_L.LIB(rt_task.o)
    0x4000080c   0x00000030   Zero   RW          315    .bss                RTX_ARM_L.LIB(rt_list.o)
    0x4000083c   0x00000004   PAD
    0x40000840   0x000000b0   Zero   RW           35    STACK               startup.o


==============================================================================

Image component sizes


      Code (inc. data)   RO Data    RW Data    ZI Data      Debug   Object Name

      1292         60        108         31          0       2830   osfinalunopti.o
       168         28         32          4       1924       9720   rtx_config.o
       260         48          0          0        176        296   startup.o
        44         44          0          0          0        144   swi_table.o

    ----------------------------------------------------------------------
      1792        180        172         36       2100      12990   Object Totals
        28          0         32          0          0          0   (incl. Generated)
         0          0          0          1          0          0   (incl. Padding)

    ----------------------------------------------------------------------

      Code (inc. data)   RO Data    RW Data    ZI Data      Debug   Library Member Name

       760         80          0          5          0       3843   hal_arm.o
        80          6          0          0          0        525   rt_event.o
       292         14          0          0         48       2506   rt_list.o
       136          4          0          0          0        573   rt_mailbox.o
       112          0          0          0          0       3356   rt_membox.o
        96         20          0          8          0        962   rt_robin.o
        56          6          0          0          0        485   rt_semaphore.o
       208         22          4          8          0       1185   rt_system.o
       520         98          0          4         56       2783   rt_task.o
         0          0          0          4          0        150   rt_time.o
        68         10          0          8          0        619   rt_timer.o
         0          0          0          0          0          0   entry.o
         0          0          0          0          0          0   entry10a.o
         0          0          0          0          0          0   entry11a.o
         8          4          0          0          0          0   entry2.o
         4          0          0          0          0          0   entry5.o
         0          0          0          0          0          0   entry7b.o
         0          0          0          0          0          0   entry8b.o
        12          4          0          0          0          0   entry9a.o
        56          0          0          0          0          0   handlers.o
        42          8          0          0          0        136   init.o
        44          0          0          0          0         60   memcpya.o
        42          0          0          0          0         72   strcmp.o

    ----------------------------------------------------------------------
      2548        276          4         40        112      17255   Library Totals
        12          0          0          3          8          0   (incl. Padding)

    ----------------------------------------------------------------------

      Code (inc. data)   RO Data    RW Data    ZI Data      Debug   Library Name

      2328        260          4         37        104      16987   RTX_ARM_L.LIB
       208         16          0          0          0        268   mc_t.l

    ----------------------------------------------------------------------
      2548        276          4         40        112      17255   Library Totals

    ----------------------------------------------------------------------

==============================================================================


      Code (inc. data)   RO Data    RW Data    ZI Data      Debug   

      4340        456        176         76       2212      28997   Grand Totals
      4340        456        176         76       2212      28997   ELF Image Totals
      4340        456        176         76          0          0   ROM Totals

==============================================================================

    Total RO  Size (Code + RO Data)                 4516 (   4.41kB)
    Total RW  Size (RW Data + ZI Data)              2288 (   2.23kB)
    Total ROM Size (Code + RO Data + RW Data)       4592 (   4.48kB)

==============================================================================

